---
source: tests/dependencies.rs
expression: output
snapshot_kind: text
---
COMMAND:
dependencies

STDERR:
Error: Multiple targets present in package,
please explicitly select one via --lib or --bin flag.

Targets present in package:
- package_multi_target (--lib)
- package_multi_target (--bin package_multi_target)


STDOUT:
