---
source: tests/dependencies.rs
expression: output
---
CMD:
dependencies
--package
package_bin_target
--lib

STDERR:
Error: No library target found.

Targets present in package:
- package_bin_target (--bin package_bin_target)


STDOUT:
