---
source: tests/dependencies.rs
expression: output
---
CMD:
dependencies
--bin
foobar

STDERR:
Error: No binary target found with name "foobar".

Targets present in package:
- package_lib_target (--lib)


STDOUT:
