---
source: tests/dependencies.rs
expression: output
snapshot_kind: text
---
COMMAND:
dependencies
--lib

STDERR:
Error: No library target found.

Targets present in package:
- package_bin_target (--bin package_bin_target)


STDOUT:
