---
source: tests/dependencies.rs
expression: output
snapshot_kind: text
---
COMMAND:
dependencies
--focus-on
nonexistent

STDERR:
Error: no nodes found matching use tree "nonexistent"

STDOUT:
