---
source: tests/generate_tree.rs
expression: output
---
STDERR:

STDOUT:

crate smoke
├── mod derives: pub(crate)
├── mod functions: pub(crate)
├── mod hierarchy: pub(crate)
├── mod methods: pub(crate)
├── mod orphans: pub(crate)
├── mod uses: pub(crate)
└── mod visibility: pub(crate)

