---
source: tests/generate_tree.rs
expression: output

---

crate package_bin_target

