---
source: tests/generate_tree.rs
expression: output

---

crate package_multi_target

