---
source: tests/generate_graph.rs
expression: output
---
STDERR:

STDOUT:
digraph {

    graph [
        label="union_fields",
        labelloc=t,

        pad=0.4,

        // Consider rendering the graph using a different layout algorithm, such as:
        // [dot, neato, twopi, circo, fdp, sfdp]
        layout=neato,
        overlap=false,
        splines="line",
        rankdir=LR,

        fontname="Helvetica", 
        fontsize="36",
    ];

    node [
        fontname="monospace",
        fontsize="10",
        shape="record",
        style="filled",
    ];

    edge [
        fontname="monospace",
        fontsize="10",
    ];

    "union_fields" [label="crate|union_fields", fillcolor="#5397c8"]; // "crate" node
    "union_fields::GenericTargetEnum" [label="pub(crate) enum|union_fields::GenericTargetEnum", fillcolor="#f8c04c"]; // "enum" node
    "union_fields::GenericTargetEnum::clone" [label="pub(crate) fn|union_fields::GenericTargetEnum::clone", fillcolor="#f8c04c"]; // "fn" node
    "union_fields::GenericTargetStruct" [label="pub(crate) struct|union_fields::GenericTargetStruct", fillcolor="#f8c04c"]; // "struct" node
    "union_fields::GenericTargetStruct::clone" [label="pub(crate) fn|union_fields::GenericTargetStruct::clone", fillcolor="#f8c04c"]; // "fn" node
    "union_fields::GenericTargetUnion" [label="pub(crate) union|union_fields::GenericTargetUnion", fillcolor="#f8c04c"]; // "union" node
    "union_fields::GenericTargetUnion::clone" [label="pub(crate) fn|union_fields::GenericTargetUnion::clone", fillcolor="#f8c04c"]; // "fn" node
    "union_fields::GenericTypeAlias" [label="pub(crate) type|union_fields::GenericTypeAlias", fillcolor="#f8c04c"]; // "type" node
    "union_fields::TargetEnum" [label="pub(crate) enum|union_fields::TargetEnum", fillcolor="#f8c04c"]; // "enum" node
    "union_fields::TargetEnum::clone" [label="pub(crate) fn|union_fields::TargetEnum::clone", fillcolor="#f8c04c"]; // "fn" node
    "union_fields::TargetStruct" [label="pub(crate) struct|union_fields::TargetStruct", fillcolor="#f8c04c"]; // "struct" node
    "union_fields::TargetStruct::clone" [label="pub(crate) fn|union_fields::TargetStruct::clone", fillcolor="#f8c04c"]; // "fn" node
    "union_fields::TargetTrait" [label="pub(crate) trait|union_fields::TargetTrait", fillcolor="#f8c04c"]; // "trait" node
    "union_fields::TargetUnion" [label="pub(crate) union|union_fields::TargetUnion", fillcolor="#f8c04c"]; // "union" node
    "union_fields::TargetUnion::clone" [label="pub(crate) fn|union_fields::TargetUnion::clone", fillcolor="#f8c04c"]; // "fn" node
    "union_fields::TypeAlias" [label="pub(crate) type|union_fields::TypeAlias", fillcolor="#f8c04c"]; // "type" node
    "union_fields::Union" [label="pub union|union_fields::Union", fillcolor="#81c169"]; // "union" node

    "union_fields" -> "union_fields::GenericTargetEnum" [label="owns", color="#000000", style="solid"] [constraint=true]; // "owns" edge
    "union_fields" -> "union_fields::GenericTargetStruct" [label="owns", color="#000000", style="solid"] [constraint=true]; // "owns" edge
    "union_fields" -> "union_fields::GenericTargetUnion" [label="owns", color="#000000", style="solid"] [constraint=true]; // "owns" edge
    "union_fields" -> "union_fields::GenericTypeAlias" [label="owns", color="#000000", style="solid"] [constraint=true]; // "owns" edge
    "union_fields" -> "union_fields::TargetEnum" [label="owns", color="#000000", style="solid"] [constraint=true]; // "owns" edge
    "union_fields" -> "union_fields::TargetStruct" [label="owns", color="#000000", style="solid"] [constraint=true]; // "owns" edge
    "union_fields" -> "union_fields::TargetTrait" [label="owns", color="#000000", style="solid"] [constraint=true]; // "owns" edge
    "union_fields" -> "union_fields::TargetUnion" [label="owns", color="#000000", style="solid"] [constraint=true]; // "owns" edge
    "union_fields" -> "union_fields::TypeAlias" [label="owns", color="#000000", style="solid"] [constraint=true]; // "owns" edge
    "union_fields" -> "union_fields::Union" [label="owns", color="#000000", style="solid"] [constraint=true]; // "owns" edge
    "union_fields::GenericTargetEnum" -> "union_fields::GenericTargetEnum::clone" [label="owns", color="#000000", style="solid"] [constraint=true]; // "owns" edge
    "union_fields::GenericTargetEnum::clone" -> "union_fields::GenericTargetEnum" [label="uses", color="#7f7f7f", style="dashed"] [constraint=false]; // "uses" edge
    "union_fields::GenericTargetStruct" -> "union_fields::GenericTargetStruct::clone" [label="owns", color="#000000", style="solid"] [constraint=true]; // "owns" edge
    "union_fields::GenericTargetStruct::clone" -> "union_fields::GenericTargetStruct" [label="uses", color="#7f7f7f", style="dashed"] [constraint=false]; // "uses" edge
    "union_fields::GenericTargetUnion" -> "union_fields::GenericTargetUnion::clone" [label="owns", color="#000000", style="solid"] [constraint=true]; // "owns" edge
    "union_fields::GenericTargetUnion::clone" -> "union_fields::GenericTargetUnion" [label="uses", color="#7f7f7f", style="dashed"] [constraint=false]; // "uses" edge
    "union_fields::TargetEnum" -> "union_fields::TargetEnum::clone" [label="owns", color="#000000", style="solid"] [constraint=true]; // "owns" edge
    "union_fields::TargetEnum::clone" -> "union_fields::TargetEnum" [label="uses", color="#7f7f7f", style="dashed"] [constraint=false]; // "uses" edge
    "union_fields::TargetStruct" -> "union_fields::TargetStruct::clone" [label="owns", color="#000000", style="solid"] [constraint=true]; // "owns" edge
    "union_fields::TargetStruct::clone" -> "union_fields::TargetStruct" [label="uses", color="#7f7f7f", style="dashed"] [constraint=false]; // "uses" edge
    "union_fields::TargetUnion" -> "union_fields::TargetStruct" [label="uses", color="#7f7f7f", style="dashed"] [constraint=false]; // "uses" edge
    "union_fields::TargetUnion" -> "union_fields::TargetUnion::clone" [label="owns", color="#000000", style="solid"] [constraint=true]; // "owns" edge
    "union_fields::TargetUnion::clone" -> "union_fields::TargetUnion" [label="uses", color="#7f7f7f", style="dashed"] [constraint=false]; // "uses" edge
    "union_fields::TypeAlias" -> "union_fields::TargetStruct" [label="uses", color="#7f7f7f", style="dashed"] [constraint=false]; // "uses" edge
    "union_fields::Union" -> "union_fields::GenericTargetEnum" [label="uses", color="#7f7f7f", style="dashed"] [constraint=false]; // "uses" edge
    "union_fields::Union" -> "union_fields::GenericTargetStruct" [label="uses", color="#7f7f7f", style="dashed"] [constraint=false]; // "uses" edge
    "union_fields::Union" -> "union_fields::GenericTargetUnion" [label="uses", color="#7f7f7f", style="dashed"] [constraint=false]; // "uses" edge
    "union_fields::Union" -> "union_fields::TargetEnum" [label="uses", color="#7f7f7f", style="dashed"] [constraint=false]; // "uses" edge
    "union_fields::Union" -> "union_fields::TargetStruct" [label="uses", color="#7f7f7f", style="dashed"] [constraint=false]; // "uses" edge
    "union_fields::Union" -> "union_fields::TargetTrait" [label="uses", color="#7f7f7f", style="dashed"] [constraint=false]; // "uses" edge
    "union_fields::Union" -> "union_fields::TargetUnion" [label="uses", color="#7f7f7f", style="dashed"] [constraint=false]; // "uses" edge

}

