---
source: tests/orphans.rs
expression: output
---
COMMAND:
orphans

STDERR:

STDOUT:

No orphans found.
