---
source: tests/structure.rs
expression: output
snapshot_kind: text
---
COMMAND:
structure
--lib

STDERR:

STDOUT:

crate package_multi_target
