---
source: tests/structure.rs
expression: output
snapshot_kind: text
---
COMMAND:
structure
--bin
package_multi_target

STDERR:

STDOUT:

crate package_multi_target
└── fn main: pub(crate)
