---
source: tests/structure.rs
expression: output
---
CMD:
structure
--package
foobar

STDERR:
Error: No package found with name "foobar".

Packages present in workspace:
- package_bin_target
- package_lib_target
- package_multi_target


STDOUT:
