---
source: tests/structure.rs
expression: output
---
COMMAND:
structure
--package
workspace-package
--bin
foobar

STDERR:
Error: No package found with name "workspace-package".

Packages present in workspace:
- package_lib_target


STDOUT:
