---
source: tests/structure.rs
expression: output
---
CMD:
structure
--package
package_lib_target
--lib

STDERR:

STDOUT:

crate package_lib_target
