---
source: tests/structure.rs
expression: output
---
COMMAND:
structure
--focus-on
crate::lorem::sit::{self}

STDERR:

STDOUT:

crate smoke_structure
└── mod lorem: pub(crate)
    └── mod sit: pub(self)
        ├── enum Adipiscing: pub(self)
        ├── mod elit: pub(self)
        │   ├── mod amet: pub(self)
        │   │   ├── union Ipsum: pub(self)
        │   │   ├── mod dolor: pub(self)
        │   │   │   ├── trait Amet: pub(self)
        │   │   │   ├── enum Consectetur: pub(self)
        │   │   │   └── mod adipiscing: pub(self)
        │   │   │       ├── struct Consectetur: pub(self)
        │   │   │       ├── trait Dolor: pub(self)
        │   │   │       └── fn ipsum: pub(self)
        │   │   └── fn elit: pub(self)
        │   └── fn sit: pub(self)
        └── mod ipsum: pub(self)
