---
source: tests/structure.rs
expression: output
---
CMD:
structure
--package
package_bin_target
--bin
package_bin_target

STDERR:

STDOUT:

crate package_bin_target
└── fn main: pub(crate)
