---
source: tests/structure.rs
expression: output
---
COMMAND:
structure
--no-traits

STDERR:

STDOUT:

crate smoke_structure
├── struct Adipiscing: pub(crate)
├── enum Amet: pub(crate)
├── struct Consectetur: pub(crate)
├── fn dolor: pub(crate)
├── mod elit: pub(crate)
│   └── fn ipsum: pub(self)
├── fn ipsum: pub(crate)
├── mod lorem: pub(crate)
│   ├── mod adipiscing: pub(self)
│   ├── mod elit: pub(self)
│   │   └── struct Ipsum: pub(self)
│   └── mod sit: pub(self)
│       ├── enum Adipiscing: pub(self)
│       ├── mod elit: pub(self)
│       │   ├── mod amet: pub(self)
│       │   │   ├── union Ipsum: pub(self)
│       │   │   ├── mod dolor: pub(self)
│       │   │   │   ├── enum Consectetur: pub(self)
│       │   │   │   └── mod adipiscing: pub(self)
│       │   │   │       ├── struct Consectetur: pub(self)
│       │   │   │       └── fn ipsum: pub(self)
│       │   │   └── fn elit: pub(self)
│       │   └── fn sit: pub(self)
│       └── mod ipsum: pub(self)
└── mod sit: pub(crate)
    ├── struct Ipsum: pub(self)
    ├── mod dolor: pub(self)
    │   ├── fn consectetur: pub(self)
    │   ├── mod ipsum: pub(self)
    │   │   ├── mod adipiscing: pub(self)
    │   │   │   └── enum Elit: pub(self)
    │   │   └── mod consectetur: pub(self)
    │   │       ├── union Dolor: pub(self)
    │   │       └── struct Elit: pub(self)
    │   └── mod sit: pub(self)
    └── fn elit: pub(self)
