---
source: tests/structure.rs
expression: output
---
COMMAND:
structure
--package
package_multi_target
--bin
package_multi_target

STDERR:

STDOUT:

crate package_multi_target
└── fn main: pub(crate)
